
  [32m[1mVITE[22m v6.4.1[39m  [2mready in [0m[1m1145[22m[2m[0m ms[22m

  [32mÔ×£[39m  [1mLocal[22m:   [36mhttp://localhost:[1m5173[22m/[39m
  [32mÔ×£[39m  [1mNetwork[22m: [36mhttp://192.168.0.3:[1m5173[22m/[39m
  [32mÔ×£[39m  [1mNetwork[22m: [36mhttp://172.19.224.1:[1m5173[22m/[39m
[2m[32m  Ô×£[39m[22m[2m  press [22m[1mh + enter[22m[2m to show help[22m
node.exe : X [ERROR] Could 
not resolve 
"./syntax/CharCodes"
En línea: 1 Carácter: 1
+ & "C:\Program 
Files\nodejs/node.exe" 
"C:\Program 
Files\nodejs/node_mo ...
+ ~~~~~~~~~~~~~~~~~~~~~~~~~~
~~~~~~~~~~~~~~~~~~~~~~~~~~~~
~~~~~~~~~~~~~~~
    + CategoryInfo          
    : NotSpecified: (X [ER  
  ROR] Could...ntax/CharC   
 odes":String) [], Remot    
eException
    + FullyQualifiedErrorId 
    : NativeCommandError
 

    node_modules/pdf-lib/es/
core/index.js:2:37:
      2 Ôöé export { 
default as CharCodes } from 
"./syntax/CharCodes";
        ÔòÁ                 
                     
~~~~~~~~~~~~~~~~~~~~

X [ERROR] Could not resolve 
"./writers/PDFWriter"

    node_modules/pdf-lib/es/
core/index.js:5:37:
      5 Ôöé export { 
default as PDFWriter } from 
"./writers/PDFWriter";
        ÔòÁ                 
                     
~~~~~~~~~~~~~~~~~~~~~

X [ERROR] Could not resolve 
"./writers/PDFStreamWriter"

    node_modules/pdf-lib/es/
core/index.js:6:43:
      6 Ôöé ...rt { default 
as PDFStreamWriter } from 
"./writers/PDFStreamWriter";
        ÔòÁ                 
                          
~~~~~~~~~~~~~~~~~~~~~~~~~~~

X [ERROR] Could not resolve 
"./embedders/StandardFontEmb
edder"

    node_modules/pdf-lib/es/
core/index.js:11:48:
      11 Ôöé ...as 
StandardFontEmbedder } from 
"./embedders/StandardFontEmb
edder";
         ÔòÁ                
                   ~~~~~~~~~
~~~~~~~~~~~~~~~~~~~~~~~~~

X [ERROR] Could not resolve 
"./embedders/CustomFontSubse
tEmbedder"

    node_modules/pdf-lib/es/
core/index.js:13:52:
      13 Ôöé 
...mFontSubsetEmbedder } 
from "./embedders/CustomFont
SubsetEmbedder";
         ÔòÁ                
               ~~~~~~~~~~~~~
~~~~~~~~~~~~~~~~~~~~~~~~~

X [ERROR] Could not resolve 
"./embedders/FileEmbedder"

    node_modules/pdf-lib/es/
core/index.js:14:57:
      14 Ôöé ...s 
FileEmbedder, 
AFRelationship, } from 
"./embedders/FileEmbedder";
         ÔòÁ                
                           
~~~~~~~~~~~~~~~~~~~~~~~~~~

X [ERROR] Could not resolve 
"./embedders/JpegEmbedder"

    node_modules/pdf-lib/es/
core/index.js:15:40:
      15 Ôöé export { 
default as JpegEmbedder } 
from 
"./embedders/JpegEmbedder";
         ÔòÁ                
                         
~~~~~~~~~~~~~~~~~~~~~~~~~~

X [ERROR] Could not resolve 
"./embedders/PngEmbedder"

    node_modules/pdf-lib/es/
core/index.js:16:39:
      16 Ôöé export { 
default as PngEmbedder } 
from 
"./embedders/PngEmbedder";
         ÔòÁ                
                        
~~~~~~~~~~~~~~~~~~~~~~~~~

X [ERROR] Could not resolve 
"./embedders/PDFPageEmbedder
"

    node_modules/pdf-lib/es/
core/index.js:17:44:
      17 Ôöé ... default as 
PDFPageEmbedder, } from "./e
mbedders/PDFPageEmbedder";
         ÔòÁ                
                        ~~~~
~~~~~~~~~~~~~~~~~~~~~~~~~

X [ERROR] Could not resolve 
"./interactive/ViewerPrefere
nces"

    node_modules/pdf-lib/es/
core/index.js:18:109:
      18 Ôöé ...n, 
PrintScaling, Duplex, } 
from "./interactive/ViewerPr
eferences";
         ÔòÁ                
                    ~~~~~~~~
~~~~~~~~~~~~~~~~~~~~~~~~~

X [ERROR] Could not resolve 
"./objects/PDFObject"

    node_modules/pdf-lib/es/
core/index.js:19:37:
      19 Ôöé export { 
default as PDFObject } from 
"./objects/PDFObject";
         ÔòÁ                
                      
~~~~~~~~~~~~~~~~~~~~~

X [ERROR] Could not resolve 
"./objects/PDFBool"

    node_modules/pdf-lib/es/
core/index.js:20:35:
      20 Ôöé export { 
default as PDFBool } from 
"./objects/PDFBool";
         ÔòÁ                
                    
~~~~~~~~~~~~~~~~~~~

X [ERROR] Could not resolve 
"./objects/PDFNumber"

    node_modules/pdf-lib/es/
core/index.js:21:37:
      21 Ôöé export { 
default as PDFNumber } from 
"./objects/PDFNumber";
         ÔòÁ                
                      
~~~~~~~~~~~~~~~~~~~~~

X [ERROR] Could not resolve 
"./objects/PDFString"

    node_modules/pdf-lib/es/
core/index.js:22:37:
      22 Ôöé export { 
default as PDFString } from 
"./objects/PDFString";
         ÔòÁ                
                      
~~~~~~~~~~~~~~~~~~~~~

X [ERROR] Could not resolve 
"./objects/PDFHexString"

    node_modules/pdf-lib/es/
core/index.js:23:40:
      23 Ôöé export { 
default as PDFHexString } 
from 
"./objects/PDFHexString";
         ÔòÁ                
                         
~~~~~~~~~~~~~~~~~~~~~~~~

X [ERROR] Could not resolve 
"./objects/PDFName"

    node_modules/pdf-lib/es/
core/index.js:24:35:
      24 Ôöé export { 
default as PDFName } from 
"./objects/PDFName";
         ÔòÁ                
                    
~~~~~~~~~~~~~~~~~~~

X [ERROR] Could not resolve 
"./objects/PDFNull"

    node_modules/pdf-lib/es/
core/index.js:25:35:
      25 Ôöé export { 
default as PDFNull } from 
"./objects/PDFNull";
         ÔòÁ                
                    
~~~~~~~~~~~~~~~~~~~

X [ERROR] Could not resolve 
"./objects/PDFArray"

    node_modules/pdf-lib/es/
core/index.js:26:36:
      26 Ôöé export { 
default as PDFArray } from 
"./objects/PDFArray";
         ÔòÁ                
                     
~~~~~~~~~~~~~~~~~~~~

X [ERROR] Could not resolve 
"./objects/PDFDict"

    node_modules/pdf-lib/es/
core/index.js:27:35:
      27 Ôöé export { 
default as PDFDict } from 
"./objects/PDFDict";
         ÔòÁ                
                    
~~~~~~~~~~~~~~~~~~~

X [ERROR] Could not resolve 
"./objects/PDFRef"

    node_modules/pdf-lib/es/
core/index.js:28:34:
      28 Ôöé export { 
default as PDFRef } from 
"./objects/PDFRef";
         ÔòÁ                
                   
~~~~~~~~~~~~~~~~~~

X [ERROR] Could not resolve 
"./objects/PDFInvalidObject"

    node_modules/pdf-lib/es/
core/index.js:29:44:
      29 Ôöé ...{ default 
as PDFInvalidObject } from "
./objects/PDFInvalidObject";
         ÔòÁ                
                         
~~~~~~~~~~~~~~~~~~~~~~~~~~~~

X [ERROR] Could not resolve 
"./objects/PDFStream"

    node_modules/pdf-lib/es/
core/index.js:30:37:
      30 Ôöé export { 
default as PDFStream } from 
"./objects/PDFStream";
         ÔòÁ                
                      
~~~~~~~~~~~~~~~~~~~~~

X [ERROR] Could not resolve 
"./objects/PDFRawStream"

    node_modules/pdf-lib/es/
core/index.js:31:40:
      31 Ôöé export { 
default as PDFRawStream } 
from 
"./objects/PDFRawStream";
         ÔòÁ                
                         
~~~~~~~~~~~~~~~~~~~~~~~~

X [ERROR] Could not resolve 
"./structures/PDFCatalog"

    node_modules/pdf-lib/es/
core/index.js:32:38:
      32 Ôöé export { 
default as PDFCatalog } 
from 
"./structures/PDFCatalog";
         ÔòÁ                
                       
~~~~~~~~~~~~~~~~~~~~~~~~~

X [ERROR] Could not resolve 
"./structures/PDFContentStre
am"

    node_modules/pdf-lib/es/
core/index.js:33:44:
      33 Ôöé ...efault as 
PDFContentStream } from "./s
tructures/PDFContentStream";
         ÔòÁ                
                      ~~~~~~
~~~~~~~~~~~~~~~~~~~~~~~~~

X [ERROR] Could not resolve 
"./structures/PDFCrossRefStr
eam"

    node_modules/pdf-lib/es/
core/index.js:34:45:
      34 Ôöé ...ault as 
PDFCrossRefStream } from "./
structures/PDFCrossRefStream
";
         ÔòÁ                
                     ~~~~~~~
~~~~~~~~~~~~~~~~~~~~~~~~~

X [ERROR] Could not resolve 
"./structures/PDFObjectStrea
m"

    node_modules/pdf-lib/es/
core/index.js:35:43:
      35 Ôöé ... default as 
PDFObjectStream } from "./st
ructures/PDFObjectStream";
         ÔòÁ                
                       ~~~~~
~~~~~~~~~~~~~~~~~~~~~~~~~

X [ERROR] Could not resolve 
"./structures/PDFPageTree"

    node_modules/pdf-lib/es/
core/index.js:36:39:
      36 Ôöé export { 
default as PDFPageTree } 
from 
"./structures/PDFPageTree";
         ÔòÁ                
                        
~~~~~~~~~~~~~~~~~~~~~~~~~~

X [ERROR] Could not resolve 
"./structures/PDFPageLeaf"

    node_modules/pdf-lib/es/
core/index.js:37:39:
      37 Ôöé export { 
default as PDFPageLeaf } 
from 
"./structures/PDFPageLeaf";
         ÔòÁ                
                        
~~~~~~~~~~~~~~~~~~~~~~~~~~

X [ERROR] Could not resolve 
"./structures/PDFFlateStream
"

    node_modules/pdf-lib/es/
core/index.js:38:42:
      38 Ôöé ... { default 
as PDFFlateStream } from "./
structures/PDFFlateStream";
         ÔòÁ                
                        ~~~~
~~~~~~~~~~~~~~~~~~~~~~~~~

X [ERROR] Could not resolve 
"./operators/PDFOperator"

    node_modules/pdf-lib/es/
core/index.js:39:39:
      39 Ôöé export { 
default as PDFOperator } 
from 
"./operators/PDFOperator";
         ÔòÁ                
                        
~~~~~~~~~~~~~~~~~~~~~~~~~

X [ERROR] Could not resolve 
"../core/embedders/FileEmbed
der"

    node_modules/pdf-lib/es/
api/PDFDocument.js:12:45:
      12 Ôöé ...mbedder, { 
AFRelationship } from "../co
re/embedders/FileEmbedder";
         ÔòÁ                
                     ~~~~~~~
~~~~~~~~~~~~~~~~~~~~~~~~~

X [ERROR] Could not resolve 
"./operators/PDFOperatorName
s"

    node_modules/pdf-lib/es/
core/index.js:40:44:
      40 Ôöé ...default as 
PDFOperatorNames } from "./o
perators/PDFOperatorNames";
         ÔòÁ                
                       ~~~~~
~~~~~~~~~~~~~~~~~~~~~~~~~

X [ERROR] Could not resolve 
"../core/embedders/JavaScrip
tEmbedder"

    node_modules/pdf-lib/es/
api/PDFDocument.js:15:31:
      15 Ôöé ...rt 
JavaScriptEmbedder from "../
core/embedders/JavaScriptEmb
edder";
         ÔòÁ                
               ~~~~~~~~~~~~~
~~~~~~~~~~~~~~~~~~~~~~~~~

X [ERROR] Could not resolve 
"./parser/PDFObjectParser"

    node_modules/pdf-lib/es/
core/index.js:41:43:
      41 Ôöé ...rt { 
default as PDFObjectParser 
} from 
"./parser/PDFObjectParser";
         ÔòÁ                
                           
~~~~~~~~~~~~~~~~~~~~~~~~~~

X [ERROR] Could not resolve 
"./parser/PDFObjectStreamPar
ser"

    node_modules/pdf-lib/es/
core/index.js:42:49:
      42 Ôöé ... as 
PDFObjectStreamParser } 
from "./parser/PDFObjectStre
amParser";
         ÔòÁ                
                     ~~~~~~~
~~~~~~~~~~~~~~~~~~~~~~~~~

X [ERROR] Could not resolve 
"./parser/PDFParser"

    node_modules/pdf-lib/es/
core/index.js:43:37:
      43 Ôöé export { 
default as PDFParser } from 
"./parser/PDFParser";
         ÔòÁ                
                      
~~~~~~~~~~~~~~~~~~~~

X [ERROR] Could not resolve 
"./parser/PDFXRefStreamParse
r"

    node_modules/pdf-lib/es/
core/index.js:44:47:
      44 Ôöé ...ault as 
PDFXRefStreamParser } from "
./parser/PDFXRefStreamParser
";
         ÔòÁ                
                       ~~~~~
~~~~~~~~~~~~~~~~~~~~~~~~~

X [ERROR] Could not resolve 
"./streams/decode"

    node_modules/pdf-lib/es/
core/index.js:45:35:
      45 Ôöé export { 
decodePDFRawStream } from 
"./streams/decode";
         ÔòÁ                
                    
~~~~~~~~~~~~~~~~~~

X [ERROR] Could not resolve 
"../syntax/CharCodes"

    node_modules/pdf-lib/es/
core/document/PDFTrailer.js:
1:22:
      1 Ôöé import 
CharCodes from 
"../syntax/CharCodes";
        ÔòÁ                 
      ~~~~~~~~~~~~~~~~~~~~~

X [ERROR] Could not resolve 
"./objects/PDFArray"

    node_modules/pdf-lib/es/
core/PDFObjectCopier.js:1:21
:
      1 Ôöé import PDFArray 
from "./objects/PDFArray";
        ÔòÁ                 
     ~~~~~~~~~~~~~~~~~~~~

X [ERROR] Could not resolve 
"../syntax/CharCodes"

    node_modules/pdf-lib/es/
core/document/PDFHeader.js:1
:22:
      1 Ôöé import 
CharCodes from 
"../syntax/CharCodes";
        ÔòÁ                 
      ~~~~~~~~~~~~~~~~~~~~~

X [ERROR] Could not resolve 
"../syntax/CharCodes"

    node_modules/pdf-lib/es/
core/document/PDFTrailerDict
.js:1:22:
      1 Ôöé import 
CharCodes from 
"../syntax/CharCodes";
        ÔòÁ                 
      ~~~~~~~~~~~~~~~~~~~~~

X [ERROR] Could not resolve 
"../objects/PDFRef"

    node_modules/pdf-lib/es/
core/document/PDFCrossRefSec
tion.js:1:19:
      1 Ôöé import PDFRef 
from "../objects/PDFRef";
        ÔòÁ                 
   ~~~~~~~~~~~~~~~~~~~

X [ERROR] Could not resolve 
"./objects/PDFDict"

    node_modules/pdf-lib/es/
core/PDFObjectCopier.js:2:20
:
      2 Ôöé import PDFDict 
from "./objects/PDFDict";
        ÔòÁ                 
    ~~~~~~~~~~~~~~~~~~~

X [ERROR] Could not resolve 
"../syntax/CharCodes"

    node_modules/pdf-lib/es/
core/document/PDFCrossRefSec
tion.js:2:22:
      2 Ôöé import 
CharCodes from 
"../syntax/CharCodes";
        ÔòÁ                 
      ~~~~~~~~~~~~~~~~~~~~~

X [ERROR] Could not resolve 
"./objects/PDFName"

    node_modules/pdf-lib/es/
core/PDFObjectCopier.js:3:20
:
      3 Ôöé import PDFName 
from "./objects/PDFName";
        ÔòÁ                 
    ~~~~~~~~~~~~~~~~~~~

X [ERROR] Could not resolve 
"./objects/PDFRef"

    node_modules/pdf-lib/es/
core/PDFObjectCopier.js:4:19
:
      4 Ôöé import PDFRef 
from "./objects/PDFRef";
        ÔòÁ                 
   ~~~~~~~~~~~~~~~~~~

X [ERROR] Could not resolve 
"./objects/PDFStream"

    node_modules/pdf-lib/es/
core/PDFObjectCopier.js:5:22
:
      5 Ôöé import 
PDFStream from 
"./objects/PDFStream";
        ÔòÁ                 
      ~~~~~~~~~~~~~~~~~~~~~

X [ERROR] Could not resolve 
"../objects/PDFName"

    node_modules/pdf-lib/es/
core/annotation/AppearanceCh
aracteristics.js:1:20:
      1 Ôöé import PDFName 
from "../objects/PDFName";
        ÔòÁ                 
    ~~~~~~~~~~~~~~~~~~~~

X [ERROR] Could not resolve 
"../objects/PDFDict"

    node_modules/pdf-lib/es/
core/annotation/PDFAnnotatio
n.js:1:20:
      1 Ôöé import PDFDict 
from "../objects/PDFDict";
        ÔòÁ                 
    ~~~~~~~~~~~~~~~~~~~~

X [ERROR] Could not resolve 
"./structures/PDFPageLeaf"

    node_modules/pdf-lib/es/
core/PDFObjectCopier.js:6:24
:
      6 Ôöé import 
PDFPageLeaf from 
"./structures/PDFPageLeaf";
        ÔòÁ                 
        
~~~~~~~~~~~~~~~~~~~~~~~~~~

X [ERROR] Could not resolve 
"../objects/PDFName"

    node_modules/pdf-lib/es/
core/annotation/PDFAnnotatio
n.js:2:20:
      2 Ôöé import PDFName 
from "../objects/PDFName";
        ÔòÁ                 
    ~~~~~~~~~~~~~~~~~~~~

X [ERROR] Could not resolve 
"../objects/PDFNumber"

    node_modules/pdf-lib/es/
core/annotation/AppearanceCh
aracteristics.js:2:22:
      2 Ôöé import 
PDFNumber from 
"../objects/PDFNumber";
        ÔòÁ                 
      ~~~~~~~~~~~~~~~~~~~~~~

X [ERROR] Could not resolve 
"../objects/PDFStream"

    node_modules/pdf-lib/es/
core/annotation/PDFAnnotatio
n.js:3:22:
      3 Ôöé import 
PDFStream from 
"../objects/PDFStream";
        ÔòÁ                 
      ~~~~~~~~~~~~~~~~~~~~~~

X [ERROR] Could not resolve 
"../objects/PDFArray"

    node_modules/pdf-lib/es/
core/annotation/AppearanceCh
aracteristics.js:3:21:
      3 Ôöé import PDFArray 
from "../objects/PDFArray";
        ÔòÁ                 
     ~~~~~~~~~~~~~~~~~~~~~

X [ERROR] Could not resolve 
"../objects/PDFArray"

    node_modules/pdf-lib/es/
core/annotation/PDFAnnotatio
n.js:4:21:
      4 Ôöé import PDFArray 
from "../objects/PDFArray";
        ÔòÁ                 
     ~~~~~~~~~~~~~~~~~~~~~

X [ERROR] Could not resolve 
"../objects/PDFHexString"

    node_modules/pdf-lib/es/
core/annotation/AppearanceCh
aracteristics.js:4:25:
      4 Ôöé import 
PDFHexString from 
"../objects/PDFHexString";
        ÔòÁ                 
         
~~~~~~~~~~~~~~~~~~~~~~~~~

X [ERROR] Could not resolve 
"../objects/PDFString"

    node_modules/pdf-lib/es/
core/annotation/AppearanceCh
aracteristics.js:5:22:
      5 Ôöé import 
PDFString from 
"../objects/PDFString";
        ÔòÁ                 
      ~~~~~~~~~~~~~~~~~~~~~~

X [ERROR] Could not resolve 
"../objects/PDFRef"

    node_modules/pdf-lib/es/
core/annotation/PDFAnnotatio
n.js:5:19:
      5 Ôöé import PDFRef 
from "../objects/PDFRef";
        ÔòÁ                 
   ~~~~~~~~~~~~~~~~~~~

X [ERROR] Could not resolve 
"../objects/PDFNumber"

    node_modules/pdf-lib/es/
core/annotation/PDFAnnotatio
n.js:6:22:
      6 Ôöé import 
PDFNumber from 
"../objects/PDFNumber";
        ÔòÁ                 
      ~~~~~~~~~~~~~~~~~~~~~~

X [ERROR] Could not resolve 
"./FontFlags"

    node_modules/pdf-lib/es/
core/embedders/CustomFontEmb
edder.js:3:32:
      3 Ôöé import { 
deriveFontFlags } from 
"./FontFlags";
        ÔòÁ                 
                
~~~~~~~~~~~~~

X [ERROR] Could not resolve 
"../objects/PDFHexString"

    node_modules/pdf-lib/es/
core/embedders/CustomFontEmb
edder.js:4:25:
      4 Ôöé import 
PDFHexString from 
"../objects/PDFHexString";
        ÔòÁ                 
         
~~~~~~~~~~~~~~~~~~~~~~~~~

X [ERROR] Could not resolve 
"../objects/PDFNumber"

    node_modules/pdf-lib/es/
core/acroform/utils.js:1:22:
      1 Ôöé import 
PDFNumber from 
"../objects/PDFNumber";
        ÔòÁ                 
      ~~~~~~~~~~~~~~~~~~~~~~

X [ERROR] Could not resolve 
"../objects/PDFDict"

    node_modules/pdf-lib/es/
core/acroform/PDFAcroForm.js
:1:20:
      1 Ôöé import PDFDict 
from "../objects/PDFDict";
        ÔòÁ                 
    ~~~~~~~~~~~~~~~~~~~~

X [ERROR] Could not resolve 
"../objects/PDFDict"

    node_modules/pdf-lib/es/
core/acroform/PDFAcroField.j
s:1:20:
      1 Ôöé import PDFDict 
from "../objects/PDFDict";
        ÔòÁ                 
    ~~~~~~~~~~~~~~~~~~~~

X [ERROR] Could not resolve 
"../objects/PDFString"

    node_modules/pdf-lib/es/
core/embedders/CustomFontEmb
edder.js:5:22:
      5 Ôöé import 
PDFString from 
"../objects/PDFString";
        ÔòÁ                 
      ~~~~~~~~~~~~~~~~~~~~~~

X [ERROR] Could not resolve 
"../objects/PDFDict"

    node_modules/pdf-lib/es/
core/acroform/utils.js:2:20:
      2 Ôöé import PDFDict 
from "../objects/PDFDict";
        ÔòÁ                 
    ~~~~~~~~~~~~~~~~~~~~

X [ERROR] Could not resolve 
"../objects/PDFArray"

    node_modules/pdf-lib/es/
core/acroform/PDFAcroForm.js
:2:21:
      2 Ôöé import PDFArray 
from "../objects/PDFArray";
        ÔòÁ                 
     ~~~~~~~~~~~~~~~~~~~~~

X [ERROR] Could not resolve 
"../objects/PDFString"

    node_modules/pdf-lib/es/
core/acroform/PDFAcroField.j
s:2:22:
      2 Ôöé import 
PDFString from 
"../objects/PDFString";
        ÔòÁ                 
      ~~~~~~~~~~~~~~~~~~~~~~

X [ERROR] Could not resolve 
"../objects/PDFName"

    node_modules/pdf-lib/es/
core/acroform/utils.js:3:20:
      3 Ôöé import PDFName 
from "../objects/PDFName";
        ÔòÁ                 
    ~~~~~~~~~~~~~~~~~~~~

X [ERROR] Could not resolve 
"../objects/PDFName"

    node_modules/pdf-lib/es/
core/acroform/PDFAcroForm.js
:3:20:
      3 Ôöé import PDFName 
from "../objects/PDFName";
        ÔòÁ                 
    ~~~~~~~~~~~~~~~~~~~~

X [ERROR] Could not resolve 
"../objects/PDFHexString"

    node_modules/pdf-lib/es/
core/acroform/PDFAcroField.j
s:3:25:
      3 Ôöé import 
PDFHexString from 
"../objects/PDFHexString";
        ÔòÁ                 
         
~~~~~~~~~~~~~~~~~~~~~~~~~

X [ERROR] Could not resolve 
"../objects/PDFName"

    node_modules/pdf-lib/es/
core/acroform/PDFAcroField.j
s:4:20:
      4 Ôöé import PDFName 
from "../objects/PDFName";
        ÔòÁ                 
    ~~~~~~~~~~~~~~~~~~~~

X [ERROR] Could not resolve 
"../objects/PDFDict"

    node_modules/pdf-lib/es/
core/annotation/PDFWidgetAnn
otation.js:2:20:
      2 Ôöé import PDFDict 
from "../objects/PDFDict";
        ÔòÁ                 
    ~~~~~~~~~~~~~~~~~~~~

X [ERROR] Could not resolve 
"../objects/PDFName"

    node_modules/pdf-lib/es/
core/annotation/PDFWidgetAnn
otation.js:3:20:
      3 Ôöé import PDFName 
from "../objects/PDFName";
        ÔòÁ                 
    ~~~~~~~~~~~~~~~~~~~~

X [ERROR] Could not resolve 
"../objects/PDFRef"

    node_modules/pdf-lib/es/
core/annotation/PDFWidgetAnn
otation.js:4:19:
      4 Ôöé import PDFRef 
from "../objects/PDFRef";
        ÔòÁ                 
   ~~~~~~~~~~~~~~~~~~~

X [ERROR] Could not resolve 
"../objects/PDFNumber"

    node_modules/pdf-lib/es/
core/acroform/PDFAcroField.j
s:5:22:
      5 Ôöé import 
PDFNumber from 
"../objects/PDFNumber";
        ÔòÁ                 
      ~~~~~~~~~~~~~~~~~~~~~~

X [ERROR] Could not resolve 
"../objects/PDFArray"

    node_modules/pdf-lib/es/
core/acroform/PDFAcroField.j
s:6:21:
      6 Ôöé import PDFArray 
from "../objects/PDFArray";
        ÔòÁ                 
     ~~~~~~~~~~~~~~~~~~~~~

X [ERROR] Could not resolve 
"../objects/PDFRef"

    node_modules/pdf-lib/es/
core/acroform/PDFAcroField.j
s:7:19:
      7 Ôöé import PDFRef 
from "../objects/PDFRef";
        ÔòÁ                 
   ~~~~~~~~~~~~~~~~~~~

X [ERROR] Could not resolve 
"../objects/PDFString"

    node_modules/pdf-lib/es/
core/annotation/PDFWidgetAnn
otation.js:5:22:
      5 Ôöé import 
PDFString from 
"../objects/PDFString";
        ÔòÁ                 
      ~~~~~~~~~~~~~~~~~~~~~~

X [ERROR] Could not resolve 
"../objects/PDFHexString"

    node_modules/pdf-lib/es/
core/annotation/PDFWidgetAnn
otation.js:6:25:
      6 Ôöé import 
PDFHexString from 
"../objects/PDFHexString";
        ÔòÁ                 
         
~~~~~~~~~~~~~~~~~~~~~~~~~

X [ERROR] Could not resolve 
"../objects/PDFName"

    node_modules/pdf-lib/es/
core/annotation/BorderStyle.
js:1:20:
      1 Ôöé import PDFName 
from "../objects/PDFName";
        ÔòÁ                 
    ~~~~~~~~~~~~~~~~~~~~

X [ERROR] Could not resolve 
"../objects/PDFNumber"

    node_modules/pdf-lib/es/
core/annotation/BorderStyle.
js:2:22:
      2 Ôöé import 
PDFNumber from 
"../objects/PDFNumber";
        ÔòÁ                 
      ~~~~~~~~~~~~~~~~~~~~~~

X [ERROR] Could not resolve 
"../objects/PDFArray"

    node_modules/pdf-lib/es/
core/acroform/utils.js:4:21:
      4 Ôöé import PDFArray 
from "../objects/PDFArray";
        ÔòÁ                 
     ~~~~~~~~~~~~~~~~~~~~~

X [ERROR] Could not resolve 
"../objects/PDFRef"

    node_modules/pdf-lib/es/
core/acroform/utils.js:5:19:
      5 Ôöé import PDFRef 
from "../objects/PDFRef";
        ÔòÁ                 
   ~~~~~~~~~~~~~~~~~~~

X [ERROR] Could not resolve 
"../objects/PDFDict"

    node_modules/pdf-lib/es/
core/acroform/PDFAcroTermina
l.js:2:20:
      2 Ôöé import PDFDict 
from "../objects/PDFDict";
        ÔòÁ                 
    ~~~~~~~~~~~~~~~~~~~~

X [ERROR] Could not resolve 
"../objects/PDFName"

    node_modules/pdf-lib/es/
core/acroform/PDFAcroTermina
l.js:3:20:
      3 Ôöé import PDFName 
from "../objects/PDFName";
        ÔòÁ                 
    ~~~~~~~~~~~~~~~~~~~~

X [ERROR] Could not resolve 
"../objects/PDFName"

    node_modules/pdf-lib/es/
core/acroform/PDFAcroRadioBu
tton.js:2:20:
      2 Ôöé import PDFName 
from "../objects/PDFName";
        ÔòÁ                 
    ~~~~~~~~~~~~~~~~~~~~

X [ERROR] Could not resolve 
"../objects/PDFName"

    node_modules/pdf-lib/es/
core/acroform/PDFAcroNonTerm
inal.js:2:20:
      2 Ôöé import PDFName 
from "../objects/PDFName";
        ÔòÁ                 
    ~~~~~~~~~~~~~~~~~~~~

X [ERROR] Could not resolve 
"../objects/PDFName"

    node_modules/pdf-lib/es/
core/acroform/PDFAcroCheckBo
x.js:2:20:
      2 Ôöé import PDFName 
from "../objects/PDFName";
        ÔòÁ                 
    ~~~~~~~~~~~~~~~~~~~~

X [ERROR] Could not resolve 
"../objects/PDFString"

    node_modules/pdf-lib/es/
core/acroform/PDFAcroButton.
js:2:22:
      2 Ôöé import 
PDFString from 
"../objects/PDFString";
        ÔòÁ                 
      ~~~~~~~~~~~~~~~~~~~~~~

X [ERROR] Could not resolve 
"../objects/PDFNumber"

    node_modules/pdf-lib/es/
core/acroform/PDFAcroText.js
:2:22:
      2 Ôöé import 
PDFNumber from 
"../objects/PDFNumber";
        ÔòÁ                 
      ~~~~~~~~~~~~~~~~~~~~~~

X [ERROR] Could not resolve 
"../objects/PDFHexString"

    node_modules/pdf-lib/es/
core/acroform/PDFAcroChoice.
js:3:25:
      3 Ôöé import 
PDFHexString from 
"../objects/PDFHexString";
        ÔòÁ                 
         
~~~~~~~~~~~~~~~~~~~~~~~~~

X [ERROR] Could not resolve 
"../objects/PDFString"

    node_modules/pdf-lib/es/
core/acroform/PDFAcroChoice.
js:4:22:
      4 Ôöé import 
PDFString from 
"../objects/PDFString";
        ÔòÁ                 
      ~~~~~~~~~~~~~~~~~~~~~~

X [ERROR] Could not resolve 
"../objects/PDFArray"

    node_modules/pdf-lib/es/
core/acroform/PDFAcroChoice.
js:5:21:
      5 Ôöé import PDFArray 
from "../objects/PDFArray";
        ÔòÁ                 
     ~~~~~~~~~~~~~~~~~~~~~

X [ERROR] Could not resolve 
"../objects/PDFName"

    node_modules/pdf-lib/es/
core/acroform/PDFAcroChoice.
js:6:20:
      6 Ôöé import PDFName 
from "../objects/PDFName";
        ÔòÁ                 
    ~~~~~~~~~~~~~~~~~~~~

X [ERROR] Could not resolve 
"./objects/PDFArray"

    node_modules/pdf-lib/es/
core/PDFContext.js:5:21:
      5 Ôöé import PDFArray 
from "./objects/PDFArray";
        ÔòÁ                 
     ~~~~~~~~~~~~~~~~~~~~

X [ERROR] Could not resolve 
"./objects/PDFBool"

    node_modules/pdf-lib/es/
core/PDFContext.js:6:20:
      6 Ôöé import PDFBool 
from "./objects/PDFBool";
        ÔòÁ                 
    ~~~~~~~~~~~~~~~~~~~

X [ERROR] Could not resolve 
"./objects/PDFDict"

    node_modules/pdf-lib/es/
core/PDFContext.js:7:20:
      7 Ôöé import PDFDict 
from "./objects/PDFDict";
        ÔòÁ                 
    ~~~~~~~~~~~~~~~~~~~

X [ERROR] Could not resolve 
"./objects/PDFName"

    node_modules/pdf-lib/es/
core/PDFContext.js:8:20:
      8 Ôöé import PDFName 
from "./objects/PDFName";
        ÔòÁ                 
    ~~~~~~~~~~~~~~~~~~~

X [ERROR] Could not resolve 
"./objects/PDFNull"

    node_modules/pdf-lib/es/
core/PDFContext.js:9:20:
      9 Ôöé import PDFNull 
from "./objects/PDFNull";
        ÔòÁ                 
    ~~~~~~~~~~~~~~~~~~~

X [ERROR] Could not resolve 
"./objects/PDFNumber"

    node_modules/pdf-lib/es/
core/PDFContext.js:10:22:
      10 Ôöé import 
PDFNumber from 
"./objects/PDFNumber";
         ÔòÁ                
       ~~~~~~~~~~~~~~~~~~~~~

X [ERROR] Could not resolve 
"./objects/PDFObject"

    node_modules/pdf-lib/es/
core/PDFContext.js:11:22:
      11 Ôöé import 
PDFObject from 
"./objects/PDFObject";
         ÔòÁ                
       ~~~~~~~~~~~~~~~~~~~~~

X [ERROR] Could not resolve 
"./objects/PDFRawStream"

    node_modules/pdf-lib/es/
core/PDFContext.js:12:25:
      12 Ôöé import 
PDFRawStream from 
"./objects/PDFRawStream";
         ÔòÁ                
          
~~~~~~~~~~~~~~~~~~~~~~~~

X [ERROR] Could not resolve 
"./objects/PDFRef"

    node_modules/pdf-lib/es/
core/PDFContext.js:13:19:
      13 Ôöé import PDFRef 
from "./objects/PDFRef";
         ÔòÁ                
    ~~~~~~~~~~~~~~~~~~

X [ERROR] Could not resolve 
"./operators/PDFOperator"

    node_modules/pdf-lib/es/
core/PDFContext.js:14:24:
      14 Ôöé import 
PDFOperator from 
"./operators/PDFOperator";
         ÔòÁ                
         
~~~~~~~~~~~~~~~~~~~~~~~~~

X [ERROR] Could not resolve 
"./operators/PDFOperatorName
s"

    node_modules/pdf-lib/es/
core/PDFContext.js:15:16:
      15 Ôöé import Ops 
from "./operators/PDFOperato
rNames";
         ÔòÁ                
 ~~~~~~~~~~~~~~~~~~~~~~~~~~~
~~~

X [ERROR] Could not resolve 
"./structures/PDFContentStre
am"

    node_modules/pdf-lib/es/
core/PDFContext.js:16:29:
      16 Ôöé import 
PDFContentStream from "./str
uctures/PDFContentStream";
         ÔòÁ                
              ~~~~~~~~~~~~~~
~~~~~~~~~~~~~~~~~

X [ERROR] Could not resolve 
"../objects/PDFHexString"

    node_modules/pdf-lib/es/
core/acroform/PDFAcroButton.
js:3:25:
      3 Ôöé import 
PDFHexString from 
"../objects/PDFHexString";
        ÔòÁ                 
         
~~~~~~~~~~~~~~~~~~~~~~~~~

X [ERROR] Could not resolve 
"../objects/PDFArray"

    node_modules/pdf-lib/es/
core/acroform/PDFAcroButton.
js:4:21:
      4 Ôöé import PDFArray 
from "../objects/PDFArray";
        ÔòÁ                 
     ~~~~~~~~~~~~~~~~~~~~~

X [ERROR] Could not resolve 
"../objects/PDFName"

    node_modules/pdf-lib/es/
core/acroform/PDFAcroButton.
js:5:20:
      5 Ôöé import PDFName 
from "../objects/PDFName";
        ÔòÁ                 
    ~~~~~~~~~~~~~~~~~~~~

X [ERROR] Could not resolve 
"../objects/PDFString"

    node_modules/pdf-lib/es/
core/acroform/PDFAcroText.js
:3:22:
      3 Ôöé import 
PDFString from 
"../objects/PDFString";
        ÔòÁ                 
      ~~~~~~~~~~~~~~~~~~~~~~

X [ERROR] Could not resolve 
"../objects/PDFHexString"

    node_modules/pdf-lib/es/
core/acroform/PDFAcroText.js
:4:25:
      4 Ôöé import 
PDFHexString from 
"../objects/PDFHexString";
        ÔòÁ                 
         
~~~~~~~~~~~~~~~~~~~~~~~~~

X [ERROR] Could not resolve 
"../objects/PDFName"

    node_modules/pdf-lib/es/
core/acroform/PDFAcroText.js
:5:20:
      5 Ôöé import PDFName 
from "../objects/PDFName";
        ÔòÁ                 
    ~~~~~~~~~~~~~~~~~~~~

C:\Users\isc20\Desktop\MQERK
\mqerk_ver1-Miguel-el-Angel\
client\node_modules\esbuild\
lib\main.js:1463
  let error = new 
Error(text);
              ^

Error: Build failed with 
115 errors:
node_modules/pdf-lib/es/api/
PDFDocument.js:12:45: 
ERROR: Could not resolve "..
/core/embedders/FileEmbedder
"
node_modules/pdf-lib/es/api/
PDFDocument.js:15:31: 
ERROR: Could not resolve "..
/core/embedders/JavaScriptEm
bedder"
node_modules/pdf-lib/es/core
/PDFContext.js:5:21: ERROR: 
Could not resolve 
"./objects/PDFArray"
node_modules/pdf-lib/es/core
/PDFContext.js:6:20: ERROR: 
Could not resolve 
"./objects/PDFBool"
node_modules/pdf-lib/es/core
/PDFContext.js:7:20: ERROR: 
Could not resolve 
"./objects/PDFDict"
...
    at failureErrorWithLog (
C:\Users\isc20\Desktop\MQERK
\mqerk_ver1-Miguel-el-Angel\
client\node_modules\esbuild\
lib\main.js:1463:15)
    at C:\Users\isc20\Deskto
p\MQERK\mqerk_ver1-Miguel-el
-Angel\client\node_modules\e
sbuild\lib\main.js:924:25
    at C:\Users\isc20\Deskto
p\MQERK\mqerk_ver1-Miguel-el
-Angel\client\node_modules\e
sbuild\lib\main.js:1341:9
    at process.processTicksA
ndRejections (node:internal/
process/task_queues:103:5) {
  errors: [Getter/Setter],
  warnings: [Getter/Setter]
}

Node.js v24.12.0
